SPHINX/SHEKER C-- One Pass Disassembler. Version 0.239 b26 Jul 15 2026

demo_precedence.c 1: /* C-- Math Expression Precedence Demo
   Compile: .\cmm.exe demo_precedence.c
   All expressions below compile and compute cor
0100 55                       push    bp
0101 89E5                     mov     bp,sp
0103 668B4604                 mov     eax,[bp+4]
0107 6640                     inc     eax
0109 5D                       pop     bp
010A C20400                   ret     4
010D 666A02                   push    2
0110 668F062A02               pop     dword ptr [22Ah]
0115 666A03                   push    3
0118 668F062E02               pop     dword ptr [22Eh]
011D 666A05                   push    5
0120 668F063202               pop     dword ptr [232h]
0125 666A07                   push    7
0128 668F063602               pop     dword ptr [236h]
012D 666A05                   push    5
0130 6658                     pop     eax
0132 666BC005                 imul    eax,eax,5
0136 6683F814                 cmp     eax,14h
013A 0F860900                 jbe     147h
013E 666A0A                   push    0Ah
0141 6658                     pop     eax
0143 66A33A02                 mov     [23Ah],eax
0147 666A05                   push    5
014A 6658                     pop     eax
014C 6650                     push    eax
014E 6683C007                 add     eax,7
0152 665A                     pop     edx
0154 66F7E2                   mul     edx
0157 66A33E02                 mov     [23Eh],eax
015B 666A05                   push    5
015E 6658                     pop     eax
0160 666BC005                 imul    eax,eax,5
0164 6650                     push    eax
0166 E897FF                   call    100h
0169 66A34202                 mov     [242h],eax
016D 66A12A02                 mov     eax,[22Ah]
0171 6650                     push    eax
0173 66A12E02                 mov     eax,[22Eh]
0177 66F7263202               mul     dword ptr [232h]
017C 665A                     pop     edx
017E 6692                     xchg    edx,eax
0180 6603C2                   add     eax,edx
0183 6603063602               add     eax,[236h]
0188 66A34602                 mov     [246h],eax
018C 66A12A02                 mov     eax,[22Ah]
0190 6603062E02               add     eax,[22Eh]
0195 66F7263202               mul     dword ptr [232h]
019A 6603063602               add     eax,[236h]
019F 66A34A02                 mov     [24Ah],eax
01A3 66A12A02                 mov     eax,[22Ah]
01A7 6603062E02               add     eax,[22Eh]
01AC 6650                     push    eax
01AE 66A13202                 mov     eax,[232h]
01B2 6603063602               add     eax,[236h]
01B7 665A                     pop     edx
01B9 66F7E2                   mul     edx
01BC 662B062A02               sub     eax,[22Ah]
01C1 66A34E02                 mov     [24Eh],eax
01C5 66A12A02                 mov     eax,[22Ah]
01C9 6603062E02               add     eax,[22Eh]
01CE 6683F803                 cmp     eax,3
01D2 0F861900                 jbe     1EFh
01D6 66A13202                 mov     eax,[232h]
01DA 6603063602               add     eax,[236h]
01DF 6683F80F                 cmp     eax,0Fh
01E3 0F830800                 jnb     1EFh
01E7 66A12A02                 mov     eax,[22Ah]
01EB 66A35202                 mov     [252h],eax
01EF 66A12A02                 mov     eax,[22Ah]
01F3 6603062E02               add     eax,[22Eh]
01F8 66F7263202               mul     dword ptr [232h]
01FD 6639063602               cmp     [236h],eax
0202 0F830000                 jnb     206h
0206 66A12A02                 mov     eax,[22Ah]
020A 6603062E02               add     eax,[22Eh]
020F 6650                     push    eax
0211 66A13202                 mov     eax,[232h]
0215 6603063602               add     eax,[236h]
021A 665A                     pop     edx
021C 66F7E2                   mul     edx
021F 6650                     push    eax
0221 E8DCFE                   call    100h
0224 66A35A02                 mov     [25Ah],eax
0228 C3                       ret
0229 0000                     add     [bx+si],al
022B 0000                     add     [bx+si],al
022D 0000                     add     [bx+si],al
022F 0000                     add     [bx+si],al
0231 0000                     add     [bx+si],al
0233 0000                     add     [bx+si],al
0235 0000                     add     [bx+si],al
0237 0000                     add     [bx+si],al
0239 0000                     add     [bx+si],al
023B 0000                     add     [bx+si],al
023D 0000                     add     [bx+si],al
023F 0000                     add     [bx+si],al
0241 0000                     add     [bx+si],al
0243 0000                     add     [bx+si],al
0245 0000                     add     [bx+si],al
0247 0000                     add     [bx+si],al
0249 0000                     add     [bx+si],al
024B 0000                     add     [bx+si],al
024D 0000                     add     [bx+si],al
024F 0000                     add     [bx+si],al
0251 0000                     add     [bx+si],al
0253 0000                     add     [bx+si],al
0255 0000                     add     [bx+si],al
0257 0000                     add     [bx+si],al
0259 0000                     add     [bx+si],al
025B 0000                     add     [bx+si],al
025D 0000                     add     [bx+si],al
025F 0000                     add     [bx+si],al
0261 0000                     add     [bx+si],al
0263 0000                     add     [bx+si],al
0265 0000                     add     [bx+si],al
0267 0000                     add     [bx+si],al
0269 0000                     add     [bx+si],al
026B 0000                     add     [bx+si],al
026D 0000                     add     [bx+si],al
026F 0000                     add     [bx+si],al
0271 0000                     add     [bx+si],al
0273 0000                     add     [bx+si],al
0275 0000                     add     [bx+si],al
0277 0000                     add     [bx+si],al
0279 0000                     add     [bx+si],al
027B 0000                     add     [bx+si],al
027D 0000                     add     [bx+si],al
027F 0000                     add     [bx+si],al
0281 0000                     add     [bx+si],al
0283 0000                     add     [bx+si],al
0285 0000                     add     [bx+si],al
0287 0000                     add     [bx+si],al
0289 0000                     add     [bx+si],al
028B 0000                     add     [bx+si],al
028D 0000                     add     [bx+si],al
028F 0000                     add     [bx+si],al
0291 0000                     add     [bx+si],al
0293 0000                     add     [bx+si],al
0295 0000                     add     [bx+si],al
0297 0000                     add     [bx+si],al
0299 0000                     add     [bx+si],al
029B 0000                     add     [bx+si],al
029D 0000                     add     [bx+si],al
029F 0000                     add     [bx+si],al
02A1 0000                     add     [bx+si],al
02A3 0000                     add     [bx+si],al
02A5 0000                     add     [bx+si],al
02A7 0000                     add     [bx+si],al
02A9 0000                     add     [bx+si],al
02AB 0000                     add     [bx+si],al
02AD 0000                     add     [bx+si],al
02AF 0000                     add     [bx+si],al
02B1 0000                     add     [bx+si],al
02B3 0000                     add     [bx+si],al
02B5 0000                     add     [bx+si],al
02B7 0000                     add     [bx+si],al
02B9 0000                     add     [bx+si],al
02BB 0000                     add     [bx+si],al
02BD 0000                     add     [bx+si],al
02BF 0000                     add     [bx+si],al
02C1 0000                     add     [bx+si],al
02C3 0000                     add     [bx+si],al
02C5 0000                     add     [bx+si],al
02C7 0000                     add     [bx+si],al
02C9 0000                     add     [bx+si],al
02CB 0000                     add     [bx+si],al
02CD 0000                     add     [bx+si],al
02CF 0000                     add     [bx+si],al
02D1 0000                     add     [bx+si],al
02D3 0000                     add     [bx+si],al
02D5 0000                     add     [bx+si],al
02D7 0000                     add     [bx+si],al
02D9 0000                     add     [bx+si],al
02DB 0000                     add     [bx+si],al
02DD 0000                     add     [bx+si],al
02DF 0000                     add     [bx+si],al
02E1 0000                     add     [bx+si],al
02E3 0000                     add     [bx+si],al
02E5 0000                     add     [bx+si],al
02E7 0000                     add     [bx+si],al
02E9 0000                     add     [bx+si],al
02EB 0000                     add     [bx+si],al
02ED 0000                     add     [bx+si],al
02EF 0000                     add     [bx+si],al
02F1 0000                     add     [bx+si],al
02F3 0000                     add     [bx+si],al
02F5 0000                     add     [bx+si],al
02F7 0000                     add     [bx+si],al
02F9 0000                     add     [bx+si],al
02FB 0000                     add     [bx+si],al
02FD 0000                     add     [bx+si],al
02FF 0000                     add     [bx+si],al
0301 0000                     add     [bx+si],al
0303 0000                     add     [bx+si],al
0305 0000                     add     [bx+si],al
0307 0000                     add     [bx+si],al
0309 0000                     add     [bx+si],al
030B 0000                     add     [bx+si],al
030D 0000                     add     [bx+si],al
030F 0000                     add     [bx+si],al
0311 0000                     add     [bx+si],al
0313 0000                     add     [bx+si],al
0315 0000                     add     [bx+si],al
0317 0000                     add     [bx+si],al
0319 0000                     add     [bx+si],al
031B 0000                     add     [bx+si],al
031D 0000                     add     [bx+si],al
031F 0000                     add     [bx+si],al
0321 0000                     add     [bx+si],al
0323 0000                     add     [bx+si],al
0325 0000                     add     [bx+si],al
0327 0000                     add     [bx+si],al
0329 0000                     add     [bx+si],al
032B 0000                     add     [bx+si],al
032D 0000                     add     [bx+si],al
032F 0000                     add     [bx+si],al
0331 0000                     add     [bx+si],al
0333 0000                     add     [bx+si],al
0335 0000                     add     [bx+si],al
0337 0000                     add     [bx+si],al
0339 0000                     add     [bx+si],al
033B 0000                     add     [bx+si],al
033D 0000                     add     [bx+si],al
033F 0000                     add     [bx+si],al
0341 0000                     add     [bx+si],al
0343 0000                     add     [bx+si],al
0345 0000                     add     [bx+si],al
0347 0000                     add     [bx+si],al
0349 0000                     add     [bx+si],al
034B 0000                     add     [bx+si],al
034D 0000                     add     [bx+si],al
034F 0000                     add     [bx+si],al
0351 0000                     add     [bx+si],al
0353 0000                     add     [bx+si],al
0355 0000                     add     [bx+si],al
0357 0000                     add     [bx+si],al
0359 0000                     add     [bx+si],al
035B 0000                     add     [bx+si],al
035D 0000                     add     [bx+si],al
035F 0000                     add     [bx+si],al
0361 0000                     add     [bx+si],al
0363 0000                     add     [bx+si],al
0365 0000                     add     [bx+si],al
0367 0000                     add     [bx+si],al
0369 0000                     add     [bx+si],al
036B 0000                     add     [bx+si],al
036D 0000                     add     [bx+si],al
036F 0000                     add     [bx+si],al
0371 0000                     add     [bx+si],al
0373 0000                     add     [bx+si],al
0375 0000                     add     [bx+si],al
0377 0000                     add     [bx+si],al
0379 0000                     add     [bx+si],al
037B 0000                     add     [bx+si],al
037D 0000                     add     [bx+si],al
037F 0000                     add     [bx+si],al
0381 0000                     add     [bx+si],al
0383 0000                     add     [bx+si],al
0385 0000                     add     [bx+si],al
0387 0000                     add     [bx+si],al
0389 0000                     add     [bx+si],al
038B 0000                     add     [bx+si],al
038D 0000                     add     [bx+si],al
038F 0000                     add     [bx+si],al
0391 0000                     add     [bx+si],al
0393 0000                     add     [bx+si],al
0395 0000                     add     [bx+si],al
0397 0000                     add     [bx+si],al
0399 0000                     add     [bx+si],al
039B 0000                     add     [bx+si],al
039D 0000                     add     [bx+si],al
039F 0000                     add     [bx+si],al
03A1 0000                     add     [bx+si],al
03A3 0000                     add     [bx+si],al
03A5 0000                     add     [bx+si],al
03A7 0000                     add     [bx+si],al
03A9 0000                     add     [bx+si],al
03AB 0000                     add     [bx+si],al
03AD 0000                     add     [bx+si],al
03AF 0000                     add     [bx+si],al
03B1 0000                     add     [bx+si],al
03B3 0000                     add     [bx+si],al
03B5 0000                     add     [bx+si],al
03B7 0000                     add     [bx+si],al
03B9 0000                     add     [bx+si],al
03BB 0000                     add     [bx+si],al
03BD 0000                     add     [bx+si],al
03BF 0000                     add     [bx+si],al
03C1 0000                     add     [bx+si],al
03C3 0000                     add     [bx+si],al
03C5 0000                     add     [bx+si],al
03C7 0000                     add     [bx+si],al
03C9 0000                     add     [bx+si],al
03CB 0000                     add     [bx+si],al
03CD 0000                     add     [bx+si],al
03CF 0000                     add     [bx+si],al
03D1 0000                     add     [bx+si],al
03D3 0000                     add     [bx+si],al
03D5 0000                     add     [bx+si],al
03D7 0000                     add     [bx+si],al
03D9 0000                     add     [bx+si],al
03DB 0000                     add     [bx+si],al
03DD 0000                     add     [bx+si],al
03DF 0000                     add     [bx+si],al
03E1 0000                     add     [bx+si],al
03E3 0000                     add     [bx+si],al
03E5 0000                     add     [bx+si],al
03E7 0000                     add     [bx+si],al
03E9 0000                     add     [bx+si],al
03EB 0000                     add     [bx+si],al
03ED 0000                     add     [bx+si],al
03EF 0000                     add     [bx+si],al
03F1 0000                     add     [bx+si],al
03F3 0000                     add     [bx+si],al
03F5 0000                     add     [bx+si],al
03F7 0000                     add     [bx+si],al
03F9 0000                     add     [bx+si],al
03FB 0000                     add     [bx+si],al
03FD 0000                     add     [bx+si],al
03FF 0000                     add     [bx+si],al
0401 0000                     add     [bx+si],al
0403 0000                     add     [bx+si],al
0405 0000                     add     [bx+si],al
0407 0000                     add     [bx+si],al
0409 0000                     add     [bx+si],al
040B 0000                     add     [bx+si],al
040D 0000                     add     [bx+si],al
040F 0000                     add     [bx+si],al
0411 0000                     add     [bx+si],al
0413 0000                     add     [bx+si],al
0415 0000                     add     [bx+si],al
0417 0000                     add     [bx+si],al
0419 0000                     add     [bx+si],al
041B 0000                     add     [bx+si],al
041D 0000                     add     [bx+si],al
041F 0000                     add     [bx+si],al
0421 0000                     add     [bx+si],al
0423 0000                     add     [bx+si],al
0425 0000                     add     [bx+si],al
0427 0000                     add     [bx+si],al
0429 0000                     add     [bx+si],al
