SPHINX/SHEKER C-- One Pass Disassembler. Version 0.239 b26 Jul 16 2026

test_center.c 1: dword strlen(dword s)
{
    return s;
}

void test(dword x, dword w)
{
    dword tx;
    tx = x + (w - strlen("hello")*8)/2;
}
0100 55                       push    bp
0101 89E5                     mov     bp,sp
0103 668B4604                 mov     eax,[bp+4]
0107 5D                       pop     bp
0108 C20400                   ret     4
010B C8040000                 enter   4,0
010F 668B4608                 mov     eax,[bp+8]
0113 6650                     push    eax
0115 668B4604                 mov     eax,[bp+4]
0119 6650                     push    eax
011B 683C01                   push    13Ch
011E E8DFFF                   call    100h
0121 665A                     pop     edx
0123 6692                     xchg    edx,eax
0125 6629D0                   sub     eax,edx
0128 66C1E003                 shl     eax,3
012C 66D1E8                   shr     eax,1
012F 665A                     pop     edx
0131 6601D0                   add     eax,edx
0134 668946FC                 mov     [bp-4],eax
0138 C9                       leave
0139 C20800                   ret     8

013C 68656C6C6F00             db      'hello',0

