SPHINX/SHEKER C-- One Pass Disassembler. Version 0.239 b26 Jul 15 2026

test_fn_if.c 1: dword a,b;
dword foo(dword x) { return x * 2; }
dword bar(dword y) { return y + 3; }
void main()
{
    a = 10; b = 2;
    if (f
0100 55                       push    bp
0101 89E5                     mov     bp,sp
0103 668B4604                 mov     eax,[bp+4]
0107 6601C0                   add     eax,eax
010A 5D                       pop     bp
010B C20400                   ret     4
010E 55                       push    bp
010F 89E5                     mov     bp,sp
0111 668B4604                 mov     eax,[bp+4]
0115 6683C003                 add     eax,3
0119 5D                       pop     bp
011A C20400                   ret     4
011D 666A0A                   push    0Ah
0120 668F069E01               pop     dword ptr [19Eh]
0125 666A02                   push    2
0128 668F06A201               pop     dword ptr [1A2h]
012D 666A0A                   push    0Ah
0130 E8CDFF                   call    100h
0133 6650                     push    eax
0135 66FF36A201               push    dword ptr [1A2h]
013A E8D1FF                   call    10Eh
013D 665A                     pop     edx
013F 6601D0                   add     eax,edx
0142 6601C0                   add     eax,eax
0145 6683F80F                 cmp     eax,0Fh
0149 0F860800                 jbe     155h
014D 666A01                   push    1
0150 668F069E01               pop     dword ptr [19Eh]
0155 66FF369E01               push    dword ptr [19Eh]
015A E8A3FF                   call    100h
015D 6650                     push    eax
015F 66FF36A201               push    dword ptr [1A2h]
0164 E8A7FF                   call    10Eh
0167 665A                     pop     edx
0169 6601D0                   add     eax,edx
016C 6601C0                   add     eax,eax
016F 6683F80F                 cmp     eax,0Fh
0173 0F860800                 jbe     17Fh
0177 666A02                   push    2
017A 668F069E01               pop     dword ptr [19Eh]
017F 66A19E01                 mov     eax,[19Eh]
0183 660306A201               add     eax,[1A2h]
0188 6650                     push    eax
018A E873FF                   call    100h
018D 6683F80F                 cmp     eax,0Fh
0191 0F860800                 jbe     19Dh
0195 666A03                   push    3
0198 668F069E01               pop     dword ptr [19Eh]
019D C3                       ret
