SPHINX/SHEKER C-- One Pass Disassembler. Version 0.239 b26 Jul 15 2026

test_precedence_all.c 1: dword a, b, c, d, x, y;
dword r01, r02, r03, r04, r05;
dword r06, r07, r08, r09, r10;
dword r11, r12, r13, r14, r15;

dword box
0100 55                       push    bp
0101 89E5                     mov     bp,sp
0103 668B4604                 mov     eax,[bp+4]
0107 5D                       pop     bp
0108 C20400                   ret     4
010B 666A02                   push    2
010E 668F061E03               pop     dword ptr [31Eh]
0113 666A03                   push    3
0116 668F062203               pop     dword ptr [322h]
011B 666A05                   push    5
011E 668F062603               pop     dword ptr [326h]
0123 666A07                   push    7
0126 668F062A03               pop     dword ptr [32Ah]
012B 666A0B                   push    0Bh
012E 668F062E03               pop     dword ptr [32Eh]
0133 666A0D                   push    0Dh
0136 668F063203               pop     dword ptr [332h]
013B 666A05                   push    5
013E 6658                     pop     eax
0140 666BC005                 imul    eax,eax,5
0144 6683F814                 cmp     eax,14h
0148 0F860900                 jbe     155h
014C 666A0A                   push    0Ah
014F 6658                     pop     eax
0151 66A33603                 mov     [336h],eax
0155 666A05                   push    5
0158 6658                     pop     eax
015A 6650                     push    eax
015C 6683C007                 add     eax,7
0160 665A                     pop     edx
0162 66F7E2                   mul     edx
0165 66A33A03                 mov     [33Ah],eax
0169 666A05                   push    5
016C 6658                     pop     eax
016E 666BC005                 imul    eax,eax,5
0172 6650                     push    eax
0174 E889FF                   call    100h
0177 66A33E03                 mov     [33Eh],eax
017B 66A11E03                 mov     eax,[31Eh]
017F 6603062203               add     eax,[322h]
0184 6650                     push    eax
0186 E877FF                   call    100h
0189 66F7262603               mul     dword ptr [326h]
018E 6603062A03               add     eax,[32Ah]
0193 66A34203                 mov     [342h],eax
0197 66A11E03                 mov     eax,[31Eh]
019B 6603062203               add     eax,[322h]
01A0 66F7262603               mul     dword ptr [326h]
01A5 6603062A03               add     eax,[32Ah]
01AA 66A34603                 mov     [346h],eax
01AE 66A11E03                 mov     eax,[31Eh]
01B2 6603062203               add     eax,[322h]
01B7 6650                     push    eax
01B9 66A12603                 mov     eax,[326h]
01BD 6603062A03               add     eax,[32Ah]
01C2 665A                     pop     edx
01C4 66F7E2                   mul     edx
01C7 662B061E03               sub     eax,[31Eh]
01CC 66A34A03                 mov     [34Ah],eax
01D0 66A11E03                 mov     eax,[31Eh]
01D4 6603062203               add     eax,[322h]
01D9 66F7262603               mul     dword ptr [326h]
01DE 6639062A03               cmp     [32Ah],eax
01E3 0F830000                 jnb     1E7h
01E7 6683F803                 cmp     eax,3
01EB 0F861900                 jbe     208h
01EF 66A12603                 mov     eax,[326h]
01F3 6603062A03               add     eax,[32Ah]
01F8 6683F80F                 cmp     eax,0Fh
01FC 0F830800                 jnb     208h
0200 66A12203                 mov     eax,[322h]
0204 66A35203                 mov     [352h],eax
0208 66A11E03                 mov     eax,[31Eh]
020C 6603062203               add     eax,[322h]
0211 6650                     push    eax
0213 66A12603                 mov     eax,[326h]
0217 662B062203               sub     eax,[322h]
021C 665A                     pop     edx
021E 66F7E2                   mul     edx
0221 6650                     push    eax
0223 E8DAFE                   call    100h
0226 66A35603                 mov     [356h],eax
022A 66A11E03                 mov     eax,[31Eh]
022E 6603062203               add     eax,[322h]
0233 66F7262603               mul     dword ptr [326h]
0238 6650                     push    eax
023A E8C3FE                   call    100h
023D 6683F814                 cmp     eax,14h
0241 0F862A00                 jbe     26Fh
0245 66FF361E03               push    dword ptr [31Eh]
024A E8B3FE                   call    100h
024D 6650                     push    eax
024F 66FF362203               push    dword ptr [322h]
0254 E8A9FE                   call    100h
0257 665A                     pop     edx
0259 6601D0                   add     eax,edx
025C 6650                     push    eax
025E 66FF362603               push    dword ptr [326h]
0263 E89AFE                   call    100h
0266 665A                     pop     edx
0268 6601D0                   add     eax,edx
026B 66A35A03                 mov     [35Ah],eax
026F 66A11E03                 mov     eax,[31Eh]
0273 6650                     push    eax
0275 66A12203                 mov     eax,[322h]
0279 66F7262603               mul     dword ptr [326h]
027E 665A                     pop     edx
0280 6692                     xchg    edx,eax
0282 6603C2                   add     eax,edx
0285 6603062A03               add     eax,[32Ah]
028A 66A35E03                 mov     [35Eh],eax
028E 66A11E03                 mov     eax,[31Eh]
0292 6603062203               add     eax,[322h]
0297 66F7262603               mul     dword ptr [326h]
029C 6603062A03               add     eax,[32Ah]
02A1 66A36203                 mov     [362h],eax
02A5 66A11E03                 mov     eax,[31Eh]
02A9 6650                     push    eax
02AB 66A12203                 mov     eax,[322h]
02AF 6650                     push    eax
02B1 66A12603                 mov     eax,[326h]
02B5 6603062A03               add     eax,[32Ah]
02BA 665A                     pop     edx
02BC 66F7E2                   mul     edx
02BF 665A                     pop     edx
02C1 6692                     xchg    edx,eax
02C3 6603C2                   add     eax,edx
02C6 66A36603                 mov     [366h],eax
02CA 66A11E03                 mov     eax,[31Eh]
02CE 6603062203               add     eax,[322h]
02D3 6650                     push    eax
02D5 66A12603                 mov     eax,[326h]
02D9 6603062A03               add     eax,[32Ah]
02DE 665A                     pop     edx
02E0 66F7E2                   mul     edx
02E3 6631D2                   xor     edx,edx
02E6 66F7361E03               div     dword ptr [31Eh]
02EB 66A36A03                 mov     [36Ah],eax
02EF 66A11E03                 mov     eax,[31Eh]
02F3 6603062203               add     eax,[322h]
02F8 6650                     push    eax
02FA 66A12603                 mov     eax,[326h]
02FE 6603062A03               add     eax,[32Ah]
0303 665A                     pop     edx
0305 6601D0                   add     eax,edx
0308 6650                     push    eax
030A 66A12E03                 mov     eax,[32Eh]
030E 662B063203               sub     eax,[332h]
0313 665A                     pop     edx
0315 6629D0                   sub     eax,edx
