SPHINX/SHEKER C-- One Pass Disassembler. Version 0.239 b26 Jul 15 2026

test_fn_assign.c 1: dword a,b,c;
dword foo(dword x) { return x * 2; }
dword bar(dword y) { return y + 3; }
void main()
{
    a = 10; b = 2;
    c =
0100 55                       push    bp
0101 89E5                     mov     bp,sp
0103 668B4604                 mov     eax,[bp+4]
0107 6601C0                   add     eax,eax
010A 5D                       pop     bp
010B C20400                   ret     4
010E 55                       push    bp
010F 89E5                     mov     bp,sp
0111 668B4604                 mov     eax,[bp+4]
0115 6683C003                 add     eax,3
0119 5D                       pop     bp
011A C20400                   ret     4
011D 666A0A                   push    0Ah
0120 668F064A01               pop     dword ptr [14Ah]
0125 666A02                   push    2
0128 668F064E01               pop     dword ptr [14Eh]
012D 666A0A                   push    0Ah
0130 E8CDFF                   call    100h
0133 6650                     push    eax
0135 66FF364E01               push    dword ptr [14Eh]
013A E8D1FF                   call    10Eh
013D 665A                     pop     edx
013F 6601D0                   add     eax,edx
0142 6601C0                   add     eax,eax
0145 66A35201                 mov     [152h],eax
0149 C3                       ret
