SPHINX/SHEKER C-- One Pass Disassembler. Version 0.239 b26 Jul 15 2026

test_tiny.c 1: dword a, b, c, d;
dword r6;

void main()
{
    a = 2; b = 3; c = 5; d = 7;

    r6 = ((a + b) * (c + d)) - a;

    if ((a + b)
0100 666A02                   push    2
0103 668F065201               pop     dword ptr [152h]
0108 666A03                   push    3
010B 668F065601               pop     dword ptr [156h]
0110 666A05                   push    5
0113 668F065A01               pop     dword ptr [15Ah]
0118 666A07                   push    7
011B 668F065E01               pop     dword ptr [15Eh]
0120 666A05                   push    5
0123 6658                     pop     eax
0125 6650                     push    eax
0127 6683C007                 add     eax,7
012B 665A                     pop     edx
012D 66F7E2                   mul     edx
0130 6683E802                 sub     eax,2
0134 66A36201                 mov     [162h],eax
0138 666A05                   push    5
013B 6658                     pop     eax
013D 666BC005                 imul    eax,eax,5
0141 6683F815                 cmp     eax,15h
0145 0F860800                 jbe     151h
0149 666A02                   push    2
014C 668F066201               pop     dword ptr [162h]
0151 C3                       ret
